// Jest Snapshot v1, https://goo.gl/fbAQLP

exports[`<Menu /> should not render links 1`] = `
.c4 {
  max-width: 120rem;
  margin: 0 auto;
  padding: 3.2rem;
}

.c7 {
  color: #0A1128;
  font-size: 2.4rem;
  text-transform: uppercase;
}

.c2 {
  position: fixed;
  z-index: 5;
  top: 0;
  left: 0;
  right: 0;
  width: 100%;
  border-bottom: #DDDDDD;
  background: white;
  transition: all 300ms ease-in-out;
}

.c2 >.c3 {
  padding-top: 0;
  padding-bottom: 0;
}

.c2 .c6 {
  margin-top: 0;
  margin-bottom: 0;
}

.c5 {
  display: flex;
  justify-content: space-between;
  align-items: center;
}

.c0 {
  z-index: 6;
  position: fixed;
  top: 2rem;
  right: 2rem;
  width: 4rem;
  height: 4rem;
  background: #0A1128;
  color: white;
  border: none;
  display: none;
  pointer-events: all;
}

.c0 >svg {
  width: 2.5rem;
  height: 2.5rem;
}

.c9 {
  background: #fff;
  display: flex;
  flex-flow: row wrap;
}

.c8 {
  display: flex;
  align-items: center;
  text-decoration: none;
  color: inherit;
  font-size: 2.4rem;
  font-weight: bolder;
}

.c8 >img {
  max-height: 3rem;
}

.c1 {
  display: inline-block;
  vertical-align: middle;
  overflow: hidden;
}

@media (max-width: 768px) {
  .c2 {
    height: 100vh;
    visibility: hidden;
    opacity: 0;
  }

  .c2 >.c3 {
    display: grid;
    grid-template-columns: 1fr;
    grid-template-rows: 1fr;
    height: 100vh;
    align-items: center;
    overflow-y: auto;
  }

  .c2 .c6 {
    padding-bottom: 3.2rem;
    display: flex;
    justify-content: center;
  }
}

@media (max-width: 768px) {
  .c5 {
    display: block;
    text-align: center;
    padding: 4.8rem 0;
  }
}

@media (max-width: 768px) {
  .c0 {
    display: flex;
    align-items: center;
    justify-content: center;
  }
}

@media (max-width: 768px) {
  .c9 {
    flex-flow: column wrap;
    align-content: center;
  }
}

<div>
  <button
    aria-label="Open/Close menu"
    class="c0"
  >
    <svg
      aria-hidden="true"
      aria-label="Open menu"
      class="c1"
      fill="currentColor"
      focusable="false"
      viewBox="0 0 24 24"
      xmlns="http://www.w3.org/2000/svg"
    >
      <path
        d="M3 18h18v-2H3v2zm0-5h18v-2H3v2zm0-7v2h18V6H3z"
      />
    </svg>
  </button>
  <div
    class="c2"
  >
    <div
      class="c3 c4"
    >
      <div
        class="c5"
      >
        <h1
          class="c6 c7"
        >
          <a
            class="c8"
            href="#target"
          >
            Menu
          </a>
        </h1>
        <nav
          aria-label="Main menu"
          class="c9"
        />
      </div>
    </div>
  </div>
</div>
`;
